// Jest Snapshot v1, https://goo.gl/fbAQLP

exports[`Modal should match the snapshot 1`] = `
.emotion-0 {
  z-index: 1;
  display: none;
  position: absolute;
  -webkit-box-pack: center;
  -ms-flex-pack: center;
  -webkit-justify-content: center;
  justify-content: center;
  -webkit-align-items: center;
  -webkit-box-align: center;
  -ms-flex-align: center;
  align-items: center;
  height: 100vh;
  width: 100vw;
  background-color: rgba(0, 0, 0, 0.4);
}

<div
  className="emotion-0"
/>
`;
